Error from tcgetattr: Inappropriate ioctl for device
Stop Application ...
killall: rkipc: no process killed
killall: udhcpc: no process killed
rkipc exit
ls: /oem/usr/etc/init.d/S??*: No such file or directory
RTVersion        12:18:37-441 {dump              :064} ---------------------------------------------------------
RTVersion        12:18:37-442 {dump              :065} rockit version: git-4720dc10a Tue Apr 30 15:47:55 2024 +0800
RTVersion        12:18:37-442 {dump              :066} rockit building: built- 2024-04-30 15:53:43
RTVersion        12:18:37-443 {dump              :067} ---------------------------------------------------------
(null)           12:18:37-443 {log_level_init    :207} 

[32m[1m please use echo name=level > /tmp/rt_log_level set log level 
	name: all cmpi mb sys vdec venc rgn vpss vgs tde avs wbc vo vi ai ao aenc adec
	log_level: 0 1 2 3 4 5 6[0m 

(null)           12:18:37-443 {read_log_level    :098} text is all=4
(null)           12:18:37-444 {read_log_level    :100} module is all, log_level is 4
(null)           12:18:37-449 {monitor_log_level :149} #Start monitor_log_level thread, arg:(nil)
RKViChn          12:18:37-454 {prepareRuntime    :354} ---------------------------------------------------------
RKViChn          12:18:37-454 {prepareRuntime    :356} vi version: 1.22, name:vvi
RKViChn          12:18:37-456 {prepareRuntime    :357} rockit-ko version: vmpi:28ee389dbc33
RKViChn          12:18:37-457 {prepareRuntime    :358} rockit-ko building: -2024-05-24-18:15:06
RKViChn          12:18:37-457 {prepareRuntime    :359} ---------------------------------------------------------
send_stream: 1
draw_blobs: 1
RKNN API: 1.6.0 (2de554906@2024-01-17T14:53:41)
RKNN driver: 0.9.2
model input num: 1, output num: 4
input tensors:
  index=0, name=images, n_dims=4, dims=[1, 320, 320, 3], n_elems=307200, size=307200, fmt=NHWC, type=INT8, qnt_type=AFFINE, zp=-128, scale=0.003922
output tensors:
  index=0, name=533, n_dims=4, dims=[1, 66, 40, 40], n_elems=105600, size=105600, fmt=NCHW, type=INT8, qnt_type=AFFINE, zp=-19, scale=0.118800
  index=1, name=554, n_dims=4, dims=[1, 66, 20, 20], n_elems=26400, size=26400, fmt=NCHW, type=INT8, qnt_type=AFFINE, zp=-31, scale=0.111361
  index=2, name=575, n_dims=4, dims=[1, 66, 10, 10], n_elems=6600, size=6600, fmt=NCHW, type=INT8, qnt_type=AFFINE, zp=-14, scale=0.265128
  index=3, name=599, n_dims=4, dims=[1, 2, 3, 2100], n_elems=12600, size=12600, fmt=NCHW, type=INT8, qnt_type=AFFINE, zp=16, scale=3.068565
model is NHWC input fmt
model input height=320, width=320, channel=3
Create Pool success !
rkaiq log level ff1
XCORE:K:rk_aiq_init_lib, ISP HW ver: 32
XCORE:K:
************************** VERSION INFOS **************************
version release date: 2024-2-18
         AIQ:       AIQ v5.0x5.0

git logs:
25bd14e RV1106: smart_door: release rga/isp/mpp for V1.3.0
99d080a RV1106/RV1103: Battery/Doorbell: release kmpp/rockit-ko for V1.3.2
6458e2a RV1106/RV1103: Battery/Doorbell: release kmpp/rockit-ko for V1.3.1
e8dab39 RV1106: CVR: release rga/isp/mpp for V1.1.0
a021b32 RV1106/RV1103: Battery/Doorbell: release kmpp/rockit-ko for V1.3.0

************************ VERSION INFOS END ************************

ID: 0, sensor_name is m00_b_sc3336 4-0030, iqfiles is /etc/iqfiles
XCORE:K:rk_aiq_uapi_sysctl_preInit_devBufCnt: dev_ent:rkraw_rx, buf_cnt:2
XCORE:E:invalid main scene len!

IPCSERVER:K:cid[0] Process path:/tmp/UNIX.domain0, sockfd:20
XCORE:K:cid[0] rk_aiq_uapi_sysctl_init success. iq:/etc/iqfiles/sc3336_CMK-OT2119-PC1_30IRC-F16.json
XCORE:K:cid[0] rk_aiq_uapi_sysctl_prepare success. mode:0 
rk_aiq_uapi2_sysctl_init/prepare succeed
CAMHW:K:cid[0] start success. isGroup:0, isOnline:1, isMultiIsp:0, init_ens:0x1bfc0ffc4739
XCORE:K:cid[0] rk_aiq_uapi_sysctl_start success.
rk_aiq_uapi2_sysctl_start succeed
[32m[1mrockit log path (null), log_size = 0, can use export rt_log_path=, export rt_log_size= change[0m
log_file = (nil) 
[32m[1mrockit default level 4, can use export rt_log_level=x, x=0,1,2,3,4,5,6 change[0m
vi_dev_init
RKViDev          12:18:37-451 {vi_set_dev_attr   :612} [33m[1mVI_DEV_ATTR_S all parameter reserved[0m
RTIsp3x          12:18:37-452 {ispInitDevice     :591} [32m[1msensor name = m00_b_sc3336 4-0030[0m
RTDeviceSensorV4 12:18:37-453 {ispOpenDevice     :502} [32m[1mv4l2_open(/dev/video0), handler=52[0m
RTDeviceSensorV4 12:18:37-453 {ispOpenDevice     :502} [32m[1mv4l2_open(/dev/v4l-subdev2), handler=54[0m
RTDeviceSensorV4 12:18:37-453 {close             :112} [32m[1mdo RTDeviceSensorV4L2 close[0m
RTDeviceSensorV4 12:18:37-453 {close             :112} [32m[1mdo RTDeviceSensorV4L2 close[0m
cmpi             12:18:37-458 {prepareRuntime    :378} [32m[1mmb pool create success, MBCnt= 2[0m
RTIsp3x          12:18:37-459 {ispInitDevice     :591} [32m[1msensor name = m00_b_sc3336 4-0030[0m
cmpi             12:18:37-461 {createRuntime     :634} [32m[1m>>>>>>>>> Sensor link info dump: <<<<<<<<<[0m
cmpi             12:18:37-461 {createRuntime     :636} [32m[1m	 vicap media name           : /dev/media0[0m
cmpi             12:18:37-461 {createRuntime     :637} [32m[1m	 vicap model name           : rkcif-mipi-lvds[0m
cmpi             12:18:37-461 {createRuntime     :638} [32m[1m	 camera id                  : 0[0m
cmpi             12:18:37-461 {createRuntime     :639} [32m[1m	 sensor name                : m00_b_sc3336 4-0030[0m
cmpi             12:18:37-461 {createRuntime     :641} [32m[1m	 stream_cif_mipi_id0 video name: /dev/video0[0m
cmpi             12:18:37-461 {createRuntime     :642} [32m[1m	 stream_cif_mipi_id1 video name: /dev/video1[0m
cmpi             12:18:37-461 {createRuntime     :643} [32m[1m	 stream_cif_mipi_id2 video name: E RKNN: rknn_inputs_set, context config invalid!
/dev/video2[0m
cmpi             12:18:37-462 {createRuntime     :644} [32m[1m	 stream_cif_mipi_id3 video name: /dev/video3[0m
cmpi             12:18:37-462 {createRuntime     :646} [32m[1m	 sensor raw width           : 2304[0m
cmpi             12:18:37-462 {createRuntime     :647} [32m[1m	 sensor raw height          : 1296[0m
cmpi             12:18:37-462 {createRuntime     :648} [32m[1m---------------------------------------------------------[0m
cmpi             12:18:37-463 {createRuntime     :654} [32m[1m	 isp media name           : /dev/media1[0m
cmpi             12:18:37-463 {createRuntime     :655} [32m[1m	 isp model name           : rkisp0[0m
cmpi             12:18:37-463 {createRuntime     :656} [32m[1m	 isp driver name          : rkisp-vir0[0m
cmpi             12:18:37-463 {createRuntime     :657} [32m[1m	 isp dev name             : /dev/v4l-subdev3[0m
cmpi             12:18:37-463 {createRuntime     :659} [32m[1m	 isp rawrd0_m_path        : /dev/video17[0m
cmpi             12:18:37-463 {createRuntime     :660} [32m[1m	 isp rawrd1_l_path        : [0m
cmpi             12:18:37-463 {createRuntime     :661} [32m[1m	 isp rawrd2_s_path        : /dev/video18[0m
cmpi             12:18:37-463 {createRuntime     :664} [32m[1m	 mainpath video name      : /dev/video11[0m
cmpi             12:18:37-463 {createRuntime     :665} [32m[1m	 selfpath video name      : /dev/video12[0m
cmpi             12:18:37-463 {createRuntime     :666} [32m[1m	 bypasspath video name    : /dev/video13[0m
cmpi             12:18:37-463 {createRuntime     :667} [32m[1m	 sensor link type         : 2[0m
cmpi             12:18:37-463 {createRuntime     :668} [32m[1m	 sensor is united         : 0[0m
cmpi             12:18:37-463 {createRuntime     :672} [32m[1m---------------------------------------------------------[0m
cmpi             12:18:37-463 {createRuntime     :711} [32m[1m[non-WRAP MODE]: buff size = 460800[0m
RTIsp3x          12:18:37-465 {ispInitDevice     :591} [32m[1msensor name = m00_b_sc3336 4-0030[0m
RTDeviceV4L2     12:18:37-466 {open              :137} [32m[1mcameraIndex:0, entityName:rkisp_mainpath[0m
RTDeviceV4L2     12:18:37-466 {open              :143} [32m[1mopen video name(/dev/video11)[0m
RKViChn          12:18:37-466 {setFrameRate      :1469} [33m[1m[vi] dev(0) ch(0) illegal param s32SrcFrameRate(0) s32DstFrameRate(0)[0m
RTDeviceV4L2     12:18:37-466 {ispCameraInfo     :567} [33m[1mcurrent device:/dev/video11 isn't compatible(cap:0x84201000) device,memoryType:4, retry:0[0m
RTDeviceV4L2     12:18:37-466 {ispInitFormat     :767} [32m[1mioctl VIDIOC_S_FMT OK[0m
cmpi             12:18:37-467 {start             :1093} [32m[1m=========== vi Start startRuntime ===========[0m
RTDeviceV4L2     12:18:37-467 {ispStreamOn       :458} [32m[1mdo ispStreamOn start[0m
CAMHW:K:camId:0, notify_isp_stream_status on
RTDeviceV4L2     12:18:37-486 {ispStreamOn       :511} [32m[1mdo ispStreamOn done[0m
venc_init
MpiAdapterEncode 12:18:37-486 {ma_encode_create  :1743} [32m[1mringbuf buf_size 462848[0m
MpiAdapterEncode 12:18:37-489 {ma_encode_create  :1782} [32m[1mmem_fd = 58[0m
=== 0 ===
[INFO  rtsp_demo.c:280:rtsp_new_demo] rtsp server demo starting on port 554
[DEBUG rtsp_demo.c:480:rtsp_new_session] add session path: /live/0
rtsp streamq_alloc size is 1753484
init success
cmpi             12:18:37-522 {mb_get_buffer_by_i:433} [32m[1mallocated buffer(this=0x52ebb0, data=(nil), size=0, id=-1)[0m
=== 1 ===
cmpi             12:18:37-522 {getFrameRuntime   :1347} [32m[1m-------------------------------vviBuf->buf_size: 462848[0m
scale=0.500000 dst_box=(0 40 319 279) allow_slight_change=1 _left_offset=0 _top_offset=40 padding_w=0 padding_h=80
convert image use cpu
finish
rknn_input_set fail! ret=-5
cmpi             12:18:39-274 {Detect            :165} [31m[1minference_yolov8_pose_model failed: -5[0m
MpiAdapterEncode 12:18:39-278 {ma_encode_get_pack:2079} [32m[1mmap ptr: 0xa4449000, fd 61[0m
[DEBUG utils.c:134:rtsp_codec_data_parse_from_user_h264E RKNN: rknn_inputs_set, context config invalid!
E RKNN: rknn_inputs_set, context config invalid!
E RKNN: rknn_inputs_set, context config invalid!
E RKNN: rknn_inputs_set, context config invalid!
E RKNN: rknn_inputs_set, context config invalid!
E RKNN: rknn_inputs_set, context config invalid!
E RKNN: rknn_inputs_set, context config invalid!
E RKNN: rknn_inputs_set, context config invalid!
E RKNN: rknn_inputs_set, context config invalid!
E RKNN: rknn_inputs_set, context config invalid!
E RKNN: rknn_inputs_set, context config invalid!
E RKNN: rknn_inputs_set, context config invalid!
